[LOG] FMOD_System_Create                       : Header version = 2.03.12. Current version = 2.03.12.
[LOG] system_create                            : Header version = 2.03.12. Current version = 2.03.12.
[LOG] SystemI::setOutputInternal               : Setting output to 'FMOD WASAPI Output'
[LOG] Manager::init                            : maxchannels = 256 studioflags = 00000006 flags 00000000 extradriverdata 0000000000000000.
[LOG] SystemI::init                            : Initialize version=20312 (160365), maxchannels=256, flags=0x00020000
[LOG] OutputWASAPI::init                       : Mix Format (WAVEFORMATEX): wFormatTag=0xFFFE, nChannels=2, nSamplesPerSec=48000, nAvgBytesPerSec=384000, nBlockAlign=8, wBitsPerSample=32, cbSize=22.
[LOG] OutputWASAPI::init                       : Mix Format (WAVEFORMATEXTENSIBLE): wValidBitsPerSample=32, dwChannelMask=0x00000003, SubFormat=00000003-0000-0010-8000-00AA00389B71.
[LOG] OutputWASAPI::init                       : Output buffer size: 2048 samples, latency: 0.00ms, period: 10.00ms, DSP buffer: 512 * 4
[LOG] Thread::initThread                       : Init FMOD stream thread. Affinity: 0x4000000000000003, Priority: 0xFFFF7FFB, Stack Size: 98304, Semaphore: No, Sleep Time: 10, Looping: Yes.
[LOG] SystemI::DSPCodecPoolRegister            : register codec pool for pool type 0
[LOG] Thread::initThread                       : Init FMOD mixer thread. Affinity: 0x4000000000000001, Priority: 0xFFFF7FFA, Stack Size: 81920, Semaphore: No, Sleep Time: 0, Looping: Yes.
[LOG] AsyncManager::init                       : manager 0000023EA5AFA7A8 isAsync 0 updatePeriod 0.02
[LOG] AsyncManager::init                       : done
[LOG] PlaybackSystem::init                     : 
[LOG] Thread::initThread                       : Init FMOD Studio sample load thread. Affinity: 0x4000000000000003, Priority: 0xFFFF7FFD, Stack Size: 98304, Semaphore: No, Sleep Time: 1, Looping: No.
[LOG] PlaybackSystem::init                     : done
[LOG] Thread::initThread                       : Init FMOD Studio bank load thread. Affinity: 0x4000000000000003, Priority: 0xFFFF7FFD, Stack Size: 98304, Semaphore: No, Sleep Time: 1, Looping: No.
[LOG] Manager::init                            : done.
[LOG] SystemI::createSound                     : filename = ../GameAudioAssets/FModLib/Build/Desktop/Fire(torches).bank : mode 02010082
[LOG] SystemI::createSound                     : FMOD_NONBLOCKING specified.  Putting into queue to be opened asynchronously!
[LOG] AsyncThread::getAsyncThread              : index = 0 / 5
[LOG] AsyncThread::add                         : add sound to async queue : soundi = 0000023E3925D688, queue head = 0000023E3925EDB8, queue count = 0
[LOG] AsyncThread::threadFunc                  : Starting Asynchronous operation on sound 0000023E3925D688
[LOG] SystemI::createSoundInternal             :     Create name='../GameAudioAssets/FModLib/Build/Desktop/Fire(torches).bank', mode=0x02010082
[LOG] SystemI::createSoundInternal             :     exinfo->cbsize             = 224
[LOG] SystemI::createSoundInternal             :     exinfo->length             = 151232
[LOG] SystemI::createSoundInternal             :     exinfo->fileoffset         = 1856
[LOG] SystemI::createSoundInternal             :     exinfo->numsubsounds       = 1
[LOG] SystemI::createSoundInternal             :     exinfo->inclusionlist      = 0000023DF1759AC8
[LOG] SystemI::createSoundInternal             :     exinfo->inclusionlistnum   = 1
[LOG] SystemI::createSoundInternal             :     exinfo->suggestedsoundtype = 5
[LOG] SystemI::createSoundInternal             :     exinfo->initialseekpostype = 1
[LOG] SystemI::createSoundInternal             :     Stream 0/1: name='fire_torch(cut)', format=5, channels=2, frequency=48000, lengthbytes=151040, lengthpcm=481488, pcmblocksize=0, loopstart=0, loopend=0, mode=0x00000000, channelmask=0x00000000, channelorder=0, peakvolume=0.338440.
[LOG] AsyncThread::threadFunc                  : Finished Asynchronous operation on sound 0000023E3925D688
[LOG] SoundI::release                          : fire_torch(cut) (0000023E3925E628)
[LOG] SoundI::release                          :     fire_torch(cut) (0000023EA7171698)
[LOG] SoundI::release                          :     fire_torch(cut) (0000023E3925BD88)
[LOG] SystemI::createSound                     : filename = ../GameAudioAssets/FModLib/Build/Desktop/Fire(torches).bank : mode 02010082
[LOG] SystemI::createSound                     : FMOD_NONBLOCKING specified.  Putting into queue to be opened asynchronously!
[LOG] AsyncThread::getAsyncThread              : index = 0 / 5
[LOG] AsyncThread::add                         : add sound to async queue : soundi = 0000023E3925CD28, queue head = 0000023E3925EDB8, queue count = 0
[LOG] AsyncThread::threadFunc                  : Starting Asynchronous operation on sound 0000023E3925CD28
[LOG] SystemI::createSoundInternal             :     Create name='../GameAudioAssets/FModLib/Build/Desktop/Fire(torches).bank', mode=0x02010082
[LOG] SystemI::createSoundInternal             :     exinfo->cbsize             = 224
[LOG] SystemI::createSoundInternal             :     exinfo->length             = 151232
[LOG] SystemI::createSoundInternal             :     exinfo->fileoffset         = 1856
[LOG] SystemI::createSoundInternal             :     exinfo->numsubsounds       = 1
[LOG] SystemI::createSoundInternal             :     exinfo->inclusionlist      = 0000023DF175A1A8
[LOG] SystemI::createSoundInternal             :     exinfo->inclusionlistnum   = 1
[LOG] SystemI::createSoundInternal             :     exinfo->suggestedsoundtype = 5
[LOG] SystemI::createSoundInternal             :     exinfo->initialseekpostype = 1
[LOG] SystemI::createSoundInternal             :     Stream 0/1: name='fire_torch(cut)', format=5, channels=2, frequency=48000, lengthbytes=151040, lengthpcm=481488, pcmblocksize=0, loopstart=0, loopend=0, mode=0x00000000, channelmask=0x00000000, channelorder=0, peakvolume=0.338440.
[LOG] AsyncThread::threadFunc                  : Finished Asynchronous operation on sound 0000023E3925CD28
[LOG] SoundI::release                          : fire_torch(cut) (0000023E3925D688)
[LOG] SoundI::release                          :     fire_torch(cut) (0000023EA7170A08)
[LOG] SoundI::release                          :     fire_torch(cut) (0000023E3925CB98)
[LOG] SystemI::createSound                     : filename = ../GameAudioAssets/FModLib/Build/Desktop/Fire(torches).bank : mode 02010082
[LOG] SystemI::createSound                     : FMOD_NONBLOCKING specified.  Putting into queue to be opened asynchronously!
[LOG] AsyncThread::getAsyncThread              : index = 0 / 5
[LOG] AsyncThread::add                         : add sound to async queue : soundi = 0000023E3925C0A8, queue head = 0000023E3925EDB8, queue count = 0
[LOG] AsyncThread::threadFunc                  : Starting Asynchronous operation on sound 0000023E3925C0A8
[LOG] SystemI::createSoundInternal             :     Create name='../GameAudioAssets/FModLib/Build/Desktop/Fire(torches).bank', mode=0x02010082
[LOG] SystemI::createSoundInternal             :     exinfo->cbsize             = 224
[LOG] SystemI::createSoundInternal             :     exinfo->length             = 151232
[LOG] SystemI::createSoundInternal             :     exinfo->fileoffset         = 1856
[LOG] SystemI::createSoundInternal             :     exinfo->numsubsounds       = 1
[LOG] SystemI::createSoundInternal             :     exinfo->inclusionlist      = 0000023E3E2637A8
[LOG] SystemI::createSoundInternal             :     exinfo->inclusionlistnum   = 1
[LOG] SystemI::createSoundInternal             :     exinfo->suggestedsoundtype = 5
[LOG] SystemI::createSoundInternal             :     exinfo->initialseekpostype = 1
[LOG] SystemI::createSoundInternal             :     Stream 0/1: name='fire_torch(cut)', format=5, channels=2, frequency=48000, lengthbytes=151040, lengthpcm=481488, pcmblocksize=0, loopstart=0, loopend=0, mode=0x00000000, channelmask=0x00000000, channelorder=0, peakvolume=0.338440.
[LOG] AsyncThread::threadFunc                  : Finished Asynchronous operation on sound 0000023E3925C0A8
[LOG] SoundI::release                          : fire_torch(cut) (0000023E3925CD28)
[LOG] SoundI::release                          :     fire_torch(cut) (0000023EA7171C98)
[LOG] SoundI::release                          :     fire_torch(cut) (0000023E3925D048)
[LOG] SystemI::createSound                     : filename = ../GameAudioAssets/FModLib/Build/Desktop/Fire(torches).bank : mode 02010082
[LOG] SystemI::createSound                     : FMOD_NONBLOCKING specified.  Putting into queue to be opened asynchronously!
[LOG] AsyncThread::getAsyncThread              : index = 0 / 5
[LOG] AsyncThread::add                         : add sound to async queue : soundi = 0000023E3925D818, queue head = 0000023E3925EDB8, queue count = 0
[LOG] AsyncThread::threadFunc                  : Starting Asynchronous operation on sound 0000023E3925D818
[LOG] SystemI::createSoundInternal             :     Create name='../GameAudioAssets/FModLib/Build/Desktop/Fire(torches).bank', mode=0x02010082
[LOG] SystemI::createSoundInternal             :     exinfo->cbsize             = 224
[LOG] SystemI::createSoundInternal             :     exinfo->length             = 151232
[LOG] SystemI::createSoundInternal             :     exinfo->fileoffset         = 1856
[LOG] SystemI::createSoundInternal             :     exinfo->numsubsounds       = 1
[LOG] SystemI::createSoundInternal             :     exinfo->inclusionlist      = 0000023E61110808
[LOG] SystemI::createSoundInternal             :     exinfo->inclusionlistnum   = 1
[LOG] SystemI::createSoundInternal             :     exinfo->suggestedsoundtype = 5
[LOG] SystemI::createSoundInternal             :     exinfo->initialseekpostype = 1
[LOG] SystemI::createSoundInternal             :     Stream 0/1: name='fire_torch(cut)', format=5, channels=2, frequency=48000, lengthbytes=151040, lengthpcm=481488, pcmblocksize=0, loopstart=0, loopend=0, mode=0x00000000, channelmask=0x00000000, channelorder=0, peakvolume=0.338440.
[LOG] AsyncThread::threadFunc                  : Finished Asynchronous operation on sound 0000023E3925D818
[LOG] SoundI::release                          : fire_torch(cut) (0000023E3925C0A8)
[LOG] SoundI::release                          :     fire_torch(cut) (0000023D38CC4868)
[LOG] SoundI::release                          :     fire_torch(cut) (0000023E3925E628)
[LOG] SystemI::createSound                     : filename = ../GameAudioAssets/FModLib/Build/Desktop/Fire(torches).bank : mode 02010082
[LOG] SystemI::createSound                     : FMOD_NONBLOCKING specified.  Putting into queue to be opened asynchronously!
[LOG] AsyncThread::getAsyncThread              : index = 0 / 5
[LOG] AsyncThread::add                         : add sound to async queue : soundi = 0000023E3925E628, queue head = 0000023E3925EDB8, queue count = 0
[LOG] AsyncThread::threadFunc                  : Starting Asynchronous operation on sound 0000023E3925E628
[LOG] SystemI::createSoundInternal             :     Create name='../GameAudioAssets/FModLib/Build/Desktop/Fire(torches).bank', mode=0x02010082
[LOG] SystemI::createSoundInternal             :     exinfo->cbsize             = 224
[LOG] SystemI::createSoundInternal             :     exinfo->length             = 151232
[LOG] SystemI::createSoundInternal             :     exinfo->fileoffset         = 1856
[LOG] SystemI::createSoundInternal             :     exinfo->numsubsounds       = 1
[LOG] SystemI::createSoundInternal             :     exinfo->inclusionlist      = 0000023E3DAF95F8
[LOG] SystemI::createSoundInternal             :     exinfo->inclusionlistnum   = 1
[LOG] SystemI::createSoundInternal             :     exinfo->suggestedsoundtype = 5
[LOG] SystemI::createSoundInternal             :     exinfo->initialseekpostype = 1
[LOG] SystemI::createSoundInternal             :     Stream 0/1: name='fire_torch(cut)', format=5, channels=2, frequency=48000, lengthbytes=151040, lengthpcm=481488, pcmblocksize=0, loopstart=0, loopend=0, mode=0x00000000, channelmask=0x00000000, channelorder=0, peakvolume=0.338440.
[LOG] AsyncThread::threadFunc                  : Finished Asynchronous operation on sound 0000023E3925E628
[LOG] SoundI::release                          : fire_torch(cut) (0000023E3925D818)
[LOG] SoundI::release                          :     fire_torch(cut) (0000023D38CC52E8)
[LOG] SoundI::release                          :     fire_torch(cut) (0000023E3925B8D8)
[LOG] SystemI::createSound                     : filename = ../GameAudioAssets/FModLib/Build/Desktop/Fire(torches).bank : mode 02010082
[LOG] SystemI::createSound                     : FMOD_NONBLOCKING specified.  Putting into queue to be opened asynchronously!
[LOG] AsyncThread::getAsyncThread              : index = 0 / 5
[LOG] AsyncThread::add                         : add sound to async queue : soundi = 0000023E3925B8D8, queue head = 0000023E3925EDB8, queue count = 0
[LOG] AsyncThread::threadFunc                  : Starting Asynchronous operation on sound 0000023E3925B8D8
[LOG] SystemI::createSoundInternal             :     Create name='../GameAudioAssets/FModLib/Build/Desktop/Fire(torches).bank', mode=0x02010082
[LOG] SystemI::createSoundInternal             :     exinfo->cbsize             = 224
[LOG] SystemI::createSoundInternal             :     exinfo->length             = 151232
[LOG] SystemI::createSoundInternal             :     exinfo->fileoffset         = 1856
[LOG] SystemI::createSoundInternal             :     exinfo->numsubsounds       = 1
[LOG] SystemI::createSoundInternal             :     exinfo->inclusionlist      = 0000023DF175A728
[LOG] SystemI::createSoundInternal             :     exinfo->inclusionlistnum   = 1
[LOG] SystemI::createSoundInternal             :     exinfo->suggestedsoundtype = 5
[LOG] SystemI::createSoundInternal             :     exinfo->initialseekpostype = 1
[LOG] SystemI::createSoundInternal             :     Stream 0/1: name='fire_torch(cut)', format=5, channels=2, frequency=48000, lengthbytes=151040, lengthpcm=481488, pcmblocksize=0, loopstart=0, loopend=0, mode=0x00000000, channelmask=0x00000000, channelorder=0, peakvolume=0.338440.
[LOG] AsyncThread::threadFunc                  : Finished Asynchronous operation on sound 0000023E3925B8D8
[LOG] SoundI::release                          : fire_torch(cut) (0000023E3925E628)
[LOG] SoundI::release                          :     fire_torch(cut) (0000023D38CC4868)
[LOG] SoundI::release                          :     fire_torch(cut) (0000023E3925DCC8)
[LOG] SoundI::release                          : fire_torch(cut) (0000023E3925B8D8)
[LOG] SoundI::release                          :     fire_torch(cut) (0000023C312F02A8)
[LOG] SoundI::release                          :     fire_torch(cut) (0000023E3925D4F8)
[LOG] Thread::callback                         : FMOD Studio update thread finished.
[LOG] Thread::callback                         : FMOD Studio bank load thread finished.
[LOG] Profile::disconnectAll                   : Profiler disconnecting all clients
[LOG] Thread::callback                         : FMOD Studio sample load thread finished.
[LOG] LiveUpdate::release                      : 
[LOG] LiveUpdate::reset                        : Reset connection (reason Disconnected)
[LOG] Thread::callback                         : FMOD stream thread finished.
[LOG] Thread::callback                         : FMOD mixer thread finished.
[LOG] Profile::disconnectAll                   : Profiler disconnecting all clients
[LOG] SystemI::closeInternal                   : Closed.
[LOG] Thread::callback                         : FMOD Studio bank load thread finished.
[LOG] Thread::callback                         : FMOD Studio sample load thread finished.
[LOG] LiveUpdate::release                      : 
[LOG] LiveUpdate::reset                        : Reset connection (reason Disconnected)
[LOG] Thread::callback                         : FMOD stream thread finished.
[LOG] Thread::callback                         : FMOD mixer thread finished.
[LOG] SystemI::closeInternal                   : Closed.
[LOG] Thread::callback                         : FMOD nonblocking thread (0) finished.
[LOG] Thread::callback                         : FMOD file thread finished.
